// Jest Snapshot v1, https://goo.gl/fbAQLP

exports[`button component matches snapshot 1`] = `
<button
  className="btn btn-danger ml-2"
  data-testid="button"
  type="button"
>
  Click
</button>
`;
